// Jest Snapshot v1, https://goo.gl/fbAQLP

exports[` 1`] = `
Array [
  <div
    className="display panel"
  >
    <div
      className="led green-led"
    >
      Unlocked
    </div>
    <div
      className="led green-led"
    >
      Open
    </div>
  </div>,
  <div
    className="controls panel"
  >
    <button
      className="toggle-btn"
      disabled={true}
      id="control-open-close"
      onClick={[Function]}
    >
      Lock Gate
    </button>
    <button
      className="toggle-btn"
      disabled={false}
      id="control-lock-unlock"
      onClick={[Function]}
    >
      Close Gate
    </button>
  </div>,
]
`;
